// Jest Snapshot v1, https://goo.gl/fbAQLP

exports[`portfolio section renders matches snapshot 1`] = `
<DocumentFragment>
  <section
    class="my-5"
    id="portfolio"
  >
    <h2
      data-testid="portfolioH2"
    >
      Portfolio
    </h2>
    <div
      class="flex-row justify-space-between"
    >
      <div
        class="col-12 col-md-6 mb-2 bg-secondary text-dark p-3 flex-column border-round projects"
        style="background-image: url(0.png);"
      />
      <div
        class="col-12 col-md-6 mb-2 bg-secondary text-dark p-3 flex-column border-round projects"
        style="background-image: url(1.png);"
      />
      <div
        class="col-12 col-md-6 mb-2 bg-secondary text-dark p-3 flex-column border-round projects"
        style="background-image: url(2.png);"
      />
      <div
        class="col-12 col-md-6 mb-2 bg-secondary text-dark p-3 flex-column border-round projects"
        style="background-image: url(3.png);"
      />
      <div
        class="col-12 col-md-6 mb-2 bg-secondary text-dark p-3 flex-column border-round projects"
        style="background-image: url(4.png);"
      />
      <div
        class="col-12 col-md-6 mb-2 bg-secondary text-dark p-3 flex-column border-round projects"
        style="background-image: url(5.png);"
      />
    </div>
  </section>
</DocumentFragment>
`;
