// Jest Snapshot v1, https://goo.gl/fbAQLP

exports[`About components render matches snapshot 1`] = `
<DocumentFragment>
  <section
    class="my-5"
    id="about"
  >
    <h2>
       About Me
    </h2>
    <div
      class="text-center"
    >
      <img
        alt="headshot"
        class="mt-5"
        src="profile.png"
      />
    </div>
    <h5
      class="text-center my-3 pt-5 pb-3"
    >
      Hi, I'm Debbie - A full-stack web developer based in Culver City, CA
    </h5>
    <p>
      Lorem ipsum dolor sit amet, consectetur adipiscing elit, sed do eiusmod tempor incididunt ut labore et dolore magna aliqua. Ut enim ad minim veniam, quis nostrud exercitation ullamco laboris nisi ut aliquip ex ea commodo consequat. Duis aute irure dolor in reprehenderit in voluptate velit esse cillum dolore eu fugiat nulla pariatur. Excepteur sint occaecat cupidatat non proident, sunt in culpa qui officia deserunt mollit anim id est laborum.
    </p>
  </section>
</DocumentFragment>
`;
