// Jest Snapshot v1, https://goo.gl/fbAQLP

exports[`Footer components render matches snapshot 1`] = `
<DocumentFragment>
  <section
    class="my-5"
  >
    <h2>
      Contact Me
    </h2>
    <div
      class="flex-row justify-center my-auto"
    >
      <div
        class=" mx-4 my-3"
      >
        <a
          class="ml-2 my-1 px-2 py-1 text-dark large-icons"
          href="mailto:debbieneflas@gmail.com"
        >
          <i
            class="fa-solid fa-envelope"
          />
        </a>
      </div>
      <div
        class=" mx-4 my-3"
      >
        <a
          class="ml-2 my-1 px-2 py-1 text-dark large-icons"
          href="tel:+16263771363"
        >
          <i
            class="fa-solid fa-phone"
          />
        </a>
      </div>
    </div>
    <div
      class="flex-row my-3 justify-center"
    >
      <form
        class="col-12 col-md-8"
      >
        <div
          class="my-1"
        >
          <label
            class="form-label"
            for="Name"
          >
            Name: 
          </label>
          <input
            class="form-input"
            name="name"
            type="text"
            value=""
          />
        </div>
        <div
          class="my-1"
        >
          <label
            class="form-label"
            for="Email"
          >
            Email: 
          </label>
          <input
            class="form-input"
            name="email"
            type="text"
            value=""
          />
        </div>
        <div
          class="my-1"
        >
          <label
            class="form-label"
            for="Message"
          >
            Message: 
          </label>
          <textarea
            class="form-textarea"
            name="message"
            rows="8"
          />
        </div>
        <button
          class="btn my-1"
          type="submit"
        >
          Submit
        </button>
      </form>
    </div>
  </section>
</DocumentFragment>
`;
