// Jest Snapshot v1, https://goo.gl/fbAQLP

exports[`Footer components render matches snapshot 1`] = `
<DocumentFragment>
  <div
    class="flex-row justify-center my-3 container"
  >
    <div
      class="col-2 text-center"
    >
      <a
        class="ml-2 my-1 px-2 py-1 text-dark icons"
        href="https://github.com/dneflas"
        rel="noopener noreferrer"
        target="_blank"
      >
        <i
          class="fa-brands fa-github"
        />
      </a>
    </div>
    <div
      class="col-2 text-center"
    >
      <a
        class="ml-2 my-1 px-2 py-1 text-dark icons"
        href="https://www.linkedin.com/in/debbieneflas/"
        rel="noopener noreferrer"
        target="_blank"
      >
        <i
          class="fa-brands fa-linkedin"
        />
      </a>
    </div>
    <div
      class="col-2 text-center"
    >
      <a
        class="ml-2 my-1 px-2 py-1 text-dark icons"
        href="https://stackoverflow.com/"
        rel="noopener noreferrer"
        target="_blank"
      >
        <i
          class="fa-brands fa-stack-overflow"
        />
      </a>
    </div>
  </div>
</DocumentFragment>
`;
